// Jest Snapshot v1, https://goo.gl/fbAQLP

exports[`correctly serializes MDX to Slate schema 1`] = `
Object {
  "document": Object {
    "data": Object {},
    "nodes": Array [
      Object {
        "data": Object {},
        "nodes": Array [
          Object {
            "marks": Array [],
            "object": "text",
            "text": "Hello, ",
          },
          Object {
            "marks": Array [
              Object {
                "data": Object {},
                "object": "mark",
                "type": "strong",
              },
            ],
            "object": "text",
            "text": "world",
          },
          Object {
            "marks": Array [
              Object {
                "data": Object {},
                "object": "mark",
                "type": "strong",
              },
              Object {
                "data": Object {},
                "object": "mark",
                "type": "emphasis",
              },
            ],
            "object": "text",
            "text": "",
          },
        ],
        "object": "block",
        "type": "heading-1",
      },
      Object {
        "data": Object {
          "props": Object {},
          "type": "Block",
        },
        "nodes": Array [
          Object {
            "data": Object {},
            "nodes": Array [
              Object {
                "marks": Array [],
                "object": "text",
                "text": "Here's another ",
              },
              Object {
                "marks": Array [
                  Object {
                    "data": Object {},
                    "object": "mark",
                    "type": "emphasis",
                  },
                ],
                "object": "text",
                "text": "heading",
              },
            ],
            "object": "block",
            "type": "heading-2",
          },
          Object {
            "data": Object {},
            "nodes": Array [
              Object {
                "marks": Array [],
                "object": "text",
                "text": "Stuff",
              },
            ],
            "object": "block",
            "type": "paragraph",
          },
        ],
        "object": "block",
        "type": "jsx",
      },
      Object {
        "data": Object {},
        "nodes": Array [
          Object {
            "marks": Array [],
            "object": "text",
            "text": "And more stuff",
          },
        ],
        "object": "block",
        "type": "paragraph",
      },
      Object {
        "data": Object {},
        "nodes": Array [
          Object {
            "data": Object {},
            "nodes": Array [
              Object {
                "data": Object {},
                "nodes": Array [
                  Object {
                    "marks": Array [],
                    "object": "text",
                    "text": "apples",
                  },
                ],
                "object": "block",
                "type": "paragraph",
              },
            ],
            "object": "block",
            "type": "listItem",
          },
          Object {
            "data": Object {},
            "nodes": Array [
              Object {
                "data": Object {},
                "nodes": Array [
                  Object {
                    "marks": Array [],
                    "object": "text",
                    "text": "oranges",
                  },
                ],
                "object": "block",
                "type": "paragraph",
              },
            ],
            "object": "block",
            "type": "listItem",
          },
          Object {
            "data": Object {},
            "nodes": Array [
              Object {
                "data": Object {},
                "nodes": Array [
                  Object {
                    "marks": Array [],
                    "object": "text",
                    "text": "potato",
                  },
                ],
                "object": "block",
                "type": "paragraph",
              },
            ],
            "object": "block",
            "type": "listItem",
          },
        ],
        "object": "block",
        "type": "list",
      },
    ],
    "object": "document",
  },
  "object": "value",
}
`;
